
> my-portfolio@0.1.0 build
> next build

node.exe : [baseline-browser-mapping] The data in this module is over two months old.  To ensure 
accurate Baseline data, please update: `npm i baseline-browser-mapping@latest -D`
At line:1 char:1
+ & "C:\Program Files\nodejs/node.exe" "C:\Program Files\nodejs/node_mo ...
+ ~~~~~~~~~~~~~~~~~~~~~~~~~~~~~~~~~~~~~~~~~~~~~~~~~~~~~~~~~~~~~~~~~~~~~
    + CategoryInfo          : NotSpecified: ([baseline-brows...ping@latest -D`:String) [], RemoteEx 
   ception
    + FullyQualifiedErrorId : NativeCommandError
 
SyntaxError: Unexpected non-whitespace character after JSON at position 780823 (line 20695 column 3)
    at JSON.parse (<anonymous>)
   Γû▓ Next.js 16.0.0 (Turbopack)

   Creating an optimized production build ...
[baseline-browser-mapping] The data in this module is over two months old.  To ensure accurate 
Baseline data, please update: `npm i baseline-browser-mapping@latest -D`
SyntaxError: Unexpected non-whitespace character after JSON at position 780823 (line 20695 column 3)
    at JSON.parse (<anonymous>)
 Γ£ô Compiled successfully in 8.9s
   Running TypeScript ...
   Collecting page data ...
[baseline-browser-mapping] The data in this module is over two months old.  To ensure accurate 
Baseline data, please update: `npm i baseline-browser-mapping@latest -D`
[baseline-browser-mapping] The data in this module is over two months old.  To ensure accurate 
Baseline data, please update: `npm i baseline-browser-mapping@latest -D`
[baseline-browser-mapping] The data in this module is over two months old.  To ensure accurate 
Baseline data, please update: `npm i baseline-browser-mapping@latest -D`
[baseline-browser-mapping] The data in this module is over two months old.  To ensure accurate 
Baseline data, please update: `npm i baseline-browser-mapping@latest -D`
[baseline-browser-mapping] The data in this module is over two months old.  To ensure accurate 
Baseline data, please update: `npm i baseline-browser-mapping@latest -D`
[baseline-browser-mapping] The data in this module is over two months old.  To ensure accurate 
Baseline data, please update: `npm i baseline-browser-mapping@latest -D`
[baseline-browser-mapping] The data in this module is over two months old.  To ensure accurate 
Baseline data, please update: `npm i baseline-browser-mapping@latest -D`
ΓÜá∩╕Å  Sanity client not configured. Set NEXT_PUBLIC_SANITY_PROJECT_ID and 
NEXT_PUBLIC_SANITY_DATASET in .env.local and restart the dev server to enable content fetching.
(node:20608) Warning: `--localstorage-file` was provided without a valid path
(Use `node --trace-warnings ...` to show where the warning was created)
ΓÜá∩╕Å  Sanity client not configured. Set NEXT_PUBLIC_SANITY_PROJECT_ID and 
NEXT_PUBLIC_SANITY_DATASET in .env.local and restart the dev server to enable content fetching.
(node:4088) Warning: `--localstorage-file` was provided without a valid path
(Use `node --trace-warnings ...` to show where the warning was created)
ΓÜá∩╕Å  Sanity client not configured. Set NEXT_PUBLIC_SANITY_PROJECT_ID and 
NEXT_PUBLIC_SANITY_DATASET in .env.local and restart the dev server to enable content fetching.
(node:16144) Warning: `--localstorage-file` was provided without a valid path
(Use `node --trace-warnings ...` to show where the warning was created)
(node:19872) Warning: `--localstorage-file` was provided without a valid path
(Use `node --trace-warnings ...` to show where the warning was created)
ΓÜá∩╕Å  Sanity client not configured. Set NEXT_PUBLIC_SANITY_PROJECT_ID and 
NEXT_PUBLIC_SANITY_DATASET in .env.local and restart the dev server to enable content fetching.
(node:18332) Warning: `--localstorage-file` was provided without a valid path
(Use `node --trace-warnings ...` to show where the warning was created)
ΓÜá∩╕Å  Sanity client not configured. Set NEXT_PUBLIC_SANITY_PROJECT_ID and 
NEXT_PUBLIC_SANITY_DATASET in .env.local and restart the dev server to enable content fetching.
ΓÜá∩╕Å  Sanity client not configured. Set NEXT_PUBLIC_SANITY_PROJECT_ID and 
NEXT_PUBLIC_SANITY_DATASET in .env.local and restart the dev server to enable content fetching.
(node:16152) Warning: `--localstorage-file` was provided without a valid path
(Use `node --trace-warnings ...` to show where the warning was created)
ΓÜá∩╕Å  Sanity client not configured. Set NEXT_PUBLIC_SANITY_PROJECT_ID and 
NEXT_PUBLIC_SANITY_DATASET in .env.local and restart the dev server to enable content fetching.
(node:17968) Warning: `--localstorage-file` was provided without a valid path
(Use `node --trace-warnings ...` to show where the warning was created)
ΓÜá∩╕Å  Sanity client not configured. Set NEXT_PUBLIC_SANITY_PROJECT_ID and 
NEXT_PUBLIC_SANITY_DATASET in .env.local and restart the dev server to enable content fetching.
ΓÜá∩╕Å  Sanity client not configured. Set NEXT_PUBLIC_SANITY_PROJECT_ID and 
NEXT_PUBLIC_SANITY_DATASET in .env.local and restart the dev server to enable content fetching.
   Generating static pages (0/24) ...
[baseline-browser-mapping] The data in this module is over two months old.  To ensure accurate 
Baseline data, please update: `npm i baseline-browser-mapping@latest -D`
ΓÜá∩╕Å  Sanity client not configured. Set NEXT_PUBLIC_SANITY_PROJECT_ID and 
NEXT_PUBLIC_SANITY_DATASET in .env.local and restart the dev server to enable content fetching.
(node:5844) Warning: `--localstorage-file` was provided without a valid path
(Use `node --trace-warnings ...` to show where the warning was created)
   Generating static pages (6/24) 
ΓÜá∩╕Å  Sanity client not configured. Set NEXT_PUBLIC_SANITY_PROJECT_ID and 
NEXT_PUBLIC_SANITY_DATASET in .env.local and restart the dev server to enable content fetching.
   Generating static pages (12/24) 
ΓÜá∩╕Å  Sanity client not configured. Set NEXT_PUBLIC_SANITY_PROJECT_ID and 
NEXT_PUBLIC_SANITY_DATASET in .env.local and restart the dev server to enable content fetching.
   Generating static pages (18/24) 
 Γ£ô Generating static pages (24/24) in 1913.7ms
   Finalizing page optimization ...

Route (app)                   Revalidate  Expire
Γöî Γùï /
Γö£ Γùï /_not-found
Γö£ Γùï /about
Γö£ Γùï /admin/login
Γö£ Γùï /admin/messages
Γö£ ╞Æ /api/admin/login
Γö£ ╞Æ /api/admin/messages
Γö£ ╞Æ /api/admin/messages/[id]
Γö£ ╞Æ /api/contact
Γö£ ╞Æ /api/debug-projects
Γö£ ╞Æ /api/debug-skills
Γö£ ╞Æ /api/debug-testimonials
Γö£ ╞Æ /api/revalidate
Γö£ ╞Æ /api/sanity-test
Γö£ Γùï /blog
Γö£ ╞Æ /blog/[slug]
Γö£ Γùï /certificates                     1m      1y
Γö£ Γùï /contact
Γö£ Γùï /education                        1m      1y
Γö£ Γùï /experience                       1m      1y
Γö£ Γùï /projects
Γö£ ╞Æ /projects/[slug]
Γö£ Γùï /skills
Γö£ Γùï /test-sanity
Γöö Γùï /testimonials


Γùï  (Static)   prerendered as static content
╞Æ  (Dynamic)  server-rendered on demand

